[{"key":"name","value":"Reese"},{"key":"name","value":"Clippy"},{"key":"name","value":"T3"},{"key":"occupation","value":"Superhero"},{"key":"key1","value":"value1"},{"key":"key1","value":"value1"},{"key":"key1","value":"value1"},{"key":"key1","value":"value1"},{"key":"key1","value":"value1"}]